Running tests ...
[1A[KRunning 48 tests in 1 runtime ...
[1A[K[1m[32m48 tests, 341 assertions, 1 runtime ... OK[0m
